##########################################
# (1) LINK INFORMATION                   #
##########################################
c:\program files (x86)\renesas\hew\tools\renesas\nc30wa\v544r00\bin\ln30.exe @C:\WorkSpace\Project2a\Project2a\Debug\Project2a.m16cl

# ID CODE DATA
.ID  "#FFFFFFFFFFFFFF"

# ROM CODE PROTECT DATA
.PROTECT  FFH

# LINK FILE INFORMATION
ncrt0 (C:\WorkSpace\Project2a\Project2a\Debug\ncrt0.r30)
	Apr 22 12:34:08 2012

adc (C:\WorkSpace\Project2a\Project2a\Debug\adc.r30)
	Apr 22 12:33:55 2012

clocks (C:\WorkSpace\Project2a\Project2a\Debug\clocks.r30)
	Apr 22 12:33:56 2012

gps (C:\WorkSpace\Project2a\Project2a\Debug\gps.r30)
	Apr 22 12:33:57 2012

helperfuncs (C:\WorkSpace\Project2a\Project2a\Debug\helperfuncs.r30)
	Apr 23 15:20:55 2012

Interrupts (C:\WorkSpace\Project2a\Project2a\Debug\Interrupts.r30)
	Apr 22 12:33:53 2012

IR (C:\WorkSpace\Project2a\Project2a\Debug\IR.r30)
	Apr 22 12:33:51 2012

IRmovement (C:\WorkSpace\Project2a\Project2a\Debug\IRmovement.r30)
	Apr 22 12:33:52 2012

LCD (C:\WorkSpace\Project2a\Project2a\Debug\LCD.r30)
	Apr 22 12:33:54 2012

led (C:\WorkSpace\Project2a\Project2a\Debug\led.r30)
	Apr 22 12:33:59 2012

main (C:\WorkSpace\Project2a\Project2a\Debug\main.r30)
	Apr 22 12:34:00 2012

menus (C:\WorkSpace\Project2a\Project2a\Debug\menus.r30)
	Apr 22 12:34:08 2012

movement (C:\WorkSpace\Project2a\Project2a\Debug\movement.r30)
	Apr 22 12:34:01 2012

movementLeftCheck (C:\WorkSpace\Project2a\Project2a\Debug\movementLeftCheck.r30)
	Apr 22 12:34:02 2012

movementRightCheck (C:\WorkSpace\Project2a\Project2a\Debug\movementRightCheck.r30)
	Apr 22 12:34:03 2012

ports (C:\WorkSpace\Project2a\Project2a\Debug\ports.r30)
	Apr 22 12:34:04 2012

serial (C:\WorkSpace\Project2a\Project2a\Debug\serial.r30)
	Apr 22 12:34:05 2012

shapes (C:\WorkSpace\Project2a\Project2a\Debug\shapes.r30)
	Apr 22 12:34:06 2012

timers (C:\WorkSpace\Project2a\Project2a\Debug\timers.r30)
	Apr 23 15:15:25 2012

_f8add (c:\program files (x86)\renesas\hew\tools\renesas\nc30wa\v544r00\lib30\nc30lib.lib)
	Nov  8 18:36:40 2007

_f8ge (c:\program files (x86)\renesas\hew\tools\renesas\nc30wa\v544r00\lib30\nc30lib.lib)
	Nov  8 18:36:40 2007

_f8mul (c:\program files (x86)\renesas\hew\tools\renesas\nc30wa\v544r00\lib30\nc30lib.lib)
	Nov  8 18:36:41 2007

_f8sub (c:\program files (x86)\renesas\hew\tools\renesas\nc30wa\v544r00\lib30\nc30lib.lib)
	Nov  8 18:36:41 2007

_f8toi4u (c:\program files (x86)\renesas\hew\tools\renesas\nc30wa\v544r00\lib30\nc30lib.lib)
	Nov  8 18:36:42 2007

_ftol (c:\program files (x86)\renesas\hew\tools\renesas\nc30wa\v544r00\lib30\nc30lib.lib)
	Nov  8 18:36:42 2007

_i4divu (c:\program files (x86)\renesas\hew\tools\renesas\nc30wa\v544r00\lib30\nc30lib.lib)
	Nov  8 18:36:42 2007

_i4modu (c:\program files (x86)\renesas\hew\tools\renesas\nc30wa\v544r00\lib30\nc30lib.lib)
	Nov  8 18:36:43 2007

_i4mulu (c:\program files (x86)\renesas\hew\tools\renesas\nc30wa\v544r00\lib30\nc30lib.lib)
	Nov  8 18:36:43 2007

_i4utof8 (c:\program files (x86)\renesas\hew\tools\renesas\nc30wa\v544r00\lib30\nc30lib.lib)
	Nov  8 18:36:43 2007

_ltof (c:\program files (x86)\renesas\hew\tools\renesas\nc30wa\v544r00\lib30\nc30lib.lib)
	Nov  8 18:36:44 2007

mdata (c:\program files (x86)\renesas\hew\tools\renesas\nc30wa\v544r00\lib30\nc30lib.lib)
	Nov  8 18:36:57 2007

_f8ltor (c:\program files (x86)\renesas\hew\tools\renesas\nc30wa\v544r00\lib30\nc30lib.lib)
	Nov  8 18:36:41 2007

_f8rtol (c:\program files (x86)\renesas\hew\tools\renesas\nc30wa\v544r00\lib30\nc30lib.lib)
	Nov  8 18:36:41 2007


##########################################
# (2) SECTION INFORMATION                #
##########################################
# SECTION                        ATR TYPE    START  LENGTH ALIGN MODULENAME
data_SE                          ABS DATA    000480 000000       ncrt0
bss_SE                           REL DATA    000480 000000 2     ncrt0
data_SO                          REL DATA    000480 000000       ncrt0
bss_SO                           REL DATA    000480 000000       ncrt0
data_NE                          REL DATA    000480 000000 2     ncrt0
                                 REL DATA    000480 000006 2     gps
                                 REL DATA    000486 000010 2     mdata
bss_NE                           REL DATA    000496 000000 2     ncrt0
                                 REL DATA    000496 000002 2     IR
                                 REL DATA    000498 000008 2     led
                                 REL DATA    0004A0 000002 2     ports
                                 REL DATA    0004A2 000050 2     serial
                                 REL DATA    0004F2 00000E 2     timers
                                 REL DATA    000500 000008 2     mdata
data_NO                          REL DATA    000508 000000       ncrt0
                                 REL DATA    000508 000001       gps
                                 REL DATA    000509 000001       LCD
bss_NO                           REL DATA    00050A 000000       ncrt0
                                 REL DATA    00050A 00001A       gps
                                 REL DATA    000524 000001       led
                                 REL DATA    000525 000001       serial
stack                            REL DATA    000526 000600 2     ncrt0
heap                             REL DATA    000B26 000300       ncrt0
rom_NE                           ABS ROMDATA 00F000 000000       ncrt0
rom_NO                           REL ROMDATA 00F000 000000       ncrt0
rom_FE                           ABS ROMDATA 0F4000 000000       ncrt0
rom_FO                           REL ROMDATA 0F4000 000000       ncrt0
                                 REL ROMDATA 0F4000 00009C       gps
                                 REL ROMDATA 0F409C 00003A       IR
                                 REL ROMDATA 0F40D6 00002F       LCD
                                 REL ROMDATA 0F4105 000051       main
                                 REL ROMDATA 0F4156 0001DB       menus
                                 REL ROMDATA 0F4331 000016       serial
data_SEI                         REL ROMDATA 0F4348 000000 2     ncrt0
data_SOI                         REL ROMDATA 0F4348 000000       ncrt0
data_NEI                         REL ROMDATA 0F4348 000000 2     ncrt0
                                 REL ROMDATA 0F4348 000006       gps
                                 REL ROMDATA 0F434E 000010       mdata
data_NOI                         REL ROMDATA 0F435E 000000       ncrt0
                                 REL ROMDATA 0F435E 000001       gps
                                 REL ROMDATA 0F435F 000001       LCD
program                          REL CODE    0F4360 000000 2     ncrt0
                                 REL CODE    0F4360 00002E 2     adc
                                 REL CODE    0F438E 000677 2     gps
                                 REL CODE    0F4A06 00001D 2     helperfuncs
                                 REL CODE    0F4A24 000159 2     Interrupts
                                 REL CODE    0F4B7E 0000E7 2     IR
                                 REL CODE    0F4C66 0000D5 2     IRmovement
                                 REL CODE    0F4D3C 000864 2     LCD
                                 REL CODE    0F55A0 000001 2     led
                                 REL CODE    0F55A2 00014E 2     main
                                 REL CODE    0F56F0 000742 2     menus
                                 REL CODE    0F5E32 000083 2     movement
                                 REL CODE    0F5EB6 000032 2     movementLeftCheck
                                 REL CODE    0F5EE8 000032 2     movementRightCheck
                                 REL CODE    0F5F1A 00022A 2     ports
                                 REL CODE    0F6144 0001C7 2     serial
                                 REL CODE    0F630C 000205 2     shapes
                                 REL CODE    0F6512 00012B 2     timers
                                 REL CODE    0F663E 00091B 2     _f8add
                                 REL CODE    0F6F5A 0000A7 2     _f8ge
                                 REL CODE    0F7002 0002C7 2     _f8mul
                                 REL CODE    0F72CA 000028 2     _f8sub
                                 REL CODE    0F72F2 000025 2     _f8toi4u
                                 REL CODE    0F7318 000111 2     _ftol
                                 REL CODE    0F742A 00004D 2     _i4divu
                                 REL CODE    0F7478 00004B 2     _i4modu
                                 REL CODE    0F74C4 00001C 2     _i4mulu
                                 REL CODE    0F74E0 000022 2     _i4utof8
                                 REL CODE    0F7502 0000D4 2     _ltof
                                 REL CODE    0F75D6 000054 2     _f8ltor
                                 REL CODE    0F762A 000041 2     _f8rtol
interrupt                        REL CODE    0F766C 000000 2     ncrt0
                                 REL CODE    0F766C 0000A7       ncrt0
program_S                        REL CODE    0F7714 000000 2     ncrt0
vector                           ABS ROMDATA 0FFD00 000100       ncrt0
fvector                          ABS ROMDATA 0FFFDC 000024       ncrt0
# Total -------------------------------------------------------------------
                                     DATA           0009A6(0002470) Byte(s)
                                     ROMDATA        000483(0001155) Byte(s)
                                     CODE           0033B2(0013234) Byte(s)

##########################################
# (3) GLOBAL LABEL INFORMATION           #
##########################################
$BNSPutch          0f53aa  $DisplayString     0f5402  $LCD_write         0f5460
$_f8ltor           0f75d6  $_f8rtol           0f762a  $_ftol             0f7318
$_ltof             0f7502  $displayScroller   0f46d6  $exit              0f7710
$gpsCleanUp        0f49f0  $leftCircle        0f6364  $menuItemVal       0f5d64
$rightCircle       0f630c  $setIR_threshold   0f4c58  $set_lWheelCount   0f6630
$set_rWheelCount   0f6622  $strlength         0f4a06  $timerDelay        0f6584
$transmitUART2     0f6208  $triangle          0f63b6  _A1_ticks          0004f6
_A2DInterrupt      0f4b5a  _A2DProcessed      000524  _A2DValue          00049a
_A2DValuePot       00049c  _A2DValueTherm     00049e  _ADInit            0f4360
_BNSPrintf         0f4dfa  _DMA0Interrupt     0f4b78  _DisplayDelay      0f550e
_IR_emitter_off    0f4b84  _IR_emitter_on     0f4b7e  _IR_threshold      000496
_InitDisplay       0f4d3c  _InitUART          0f6144  _KeyBoardInterru   0f4b60
_LEDDisplay        0f55a0  _LeftBtnInterrup   0f4ae2  _MiddleBtnInterr   0f4aee
_RTCInterrupt      0f4b66  _RightBtnInterru   0f4afa  _TimerA0Interrup   0f4a7c
_TimerA0_Init      0f6520  _TimerA1Interrup   0f4a94  _TimerA1_Init      0f6560
_TimerA2Interrup   0f4aac  _TimerA2_Init      0f659a  _TimerB0Interrup   0f4aca
_TimerB0_Init      0f65d2  _TimerInit         0f6512  _UART0ReceiveInt   0f4b06
_UART0TransmitIn   0f4b72  _UART2ReceiveInt   0f4b2e  _WatchDogInterru   0f4b6c
__f8add            0f663e  __f8ge             0f6f5a  __f8mul            0f7002
__f8sub            0f72ca  __f8toi4U          0f72f2  __i4Utof8          0f74e0
__i4divU           0f742a  __i4modU           0f7478  __i4mulU           0f74c4
__memt             00048e  __mnext            000500  __msize            000504
__pool             000486  _buttonPressed     0004a0  _calibrateIR       0f4b8a
_cheerFightSong    0f5a04  _clearScreen       0f5580  _disp_count        000498
_displayUART2Str   0f628e  _enable_LeftBtn_   0f4a2e  _enable_MiddleBt   0f4a3c
_enable_RightBtn   0f4a6e  _exit              0f7710  _fightSongMenu     0f59a4
_figure8           0f64e4  _gpsProcess        0f4442  _gps_init          0f438e
_init_interrupts   0f4a24  _init_port0        0f5f34  _init_port1        0f5f5a
_init_port10       0f6120  _init_port2        0f5f80  _init_port3        0f5fa6
_init_port4        0f5fcc  _init_port5        0f5ff2  _init_port6        0f6018
_init_port7        0f605a  _init_port8        0f609c  _init_port9        0f60de
_init_ports        0f5f1a  _is_left_forward   0f5eb6  _is_left_motor_o   0f5eca
_is_left_reverse   0f5ec0  _is_right_forwar   0f5ee8  _is_right_motor_   0f5efc
_is_right_revers   0f5ef2  _l_count           0004f2  _latGet            000517
_left_motor_forw   0f5e32  _left_motor_off    0f5e98  _left_motor_reve   0f5e46
_lonGet            00050a  _main              0f55a2  _motors_off        0f5e82
_moveBackandFort   0f4c66  _move_forward      0f5ea6  _move_reverse      0f5eae
_r_count           0004f4  _resistorMenu      0f56f0  _right_motor_for   0f5e5a
_right_motor_off   0f5e8a  _right_motor_rev   0f5e6e  _shapeMenu         0f58ce
_start_MiddleBtn   0f4a62  _start_leftWheel   0f654c  _start_rightWhee   0f65fe
_start_timerA2     0f65be  _start_wheelTime   0f6612  _stop_MiddleBtn_   0f4a68
_stop_timerA0      0f6556  _stop_timerA2      0f65c8  _stop_timerB0      0f6608
_stop_wheelTimer   0f661a  _system_clock_in   0f553c  _timerA0_started   0004f8
_timerA1_started   0004fa  _timerA2_started   0004fe  _timerB0_started   0004fc
_u0BUFFER          0004aa  _u0_rd             0004a2  _u0_wr             0004a4
_u2BUFFER          0004b2  _u2BuffFull        000525  _u2_rd             0004a6
_u2_wr             0004a8  dummy_int          0f7712  start              0f766c

##########################################
# (4) GLOBAL EQU SYMBOL INFORMATION      #
##########################################
__SB__           00000480  

##########################################
# (5) GLOBAL EQU BIT-SYMBOL INFORMATION  #
##########################################

##########################################
# (6) LOCAL LABEL INFORMATION            #
##########################################
@ ncrt0 ( C:\WorkSpace\Project2a\Project2a\Debug\ncrt0.r30 )
@ adc ( C:\WorkSpace\Project2a\Project2a\Debug\adc.r30 )
@ clocks ( C:\WorkSpace\Project2a\Project2a\Debug\clocks.r30 )
@ gps ( C:\WorkSpace\Project2a\Project2a\Debug\gps.r30 )
@ helperfuncs ( C:\WorkSpace\Project2a\Project2a\Debug\helperfuncs.r30 )
@ Interrupts ( C:\WorkSpace\Project2a\Project2a\Debug\Interrupts.r30 )
@ IR ( C:\WorkSpace\Project2a\Project2a\Debug\IR.r30 )
@ IRmovement ( C:\WorkSpace\Project2a\Project2a\Debug\IRmovement.r30 )
@ LCD ( C:\WorkSpace\Project2a\Project2a\Debug\LCD.r30 )
@ led ( C:\WorkSpace\Project2a\Project2a\Debug\led.r30 )
@ main ( C:\WorkSpace\Project2a\Project2a\Debug\main.r30 )
@ menus ( C:\WorkSpace\Project2a\Project2a\Debug\menus.r30 )
@ movement ( C:\WorkSpace\Project2a\Project2a\Debug\movement.r30 )
@ movementLeftCheck ( C:\WorkSpace\Project2a\Project2a\Debug\movementLeftCheck.r30 )
@ movementRightCheck ( C:\WorkSpace\Project2a\Project2a\Debug\movementRightCheck.r30 )
@ ports ( C:\WorkSpace\Project2a\Project2a\Debug\ports.r30 )
@ serial ( C:\WorkSpace\Project2a\Project2a\Debug\serial.r30 )
@ shapes ( C:\WorkSpace\Project2a\Project2a\Debug\shapes.r30 )
@ timers ( C:\WorkSpace\Project2a\Project2a\Debug\timers.r30 )
@ _f8add ( c:\program files (x86)\renesas\hew\tools\renesas\nc30wa\v544r00\lib30\nc30lib.lib )
@ _f8ge ( c:\program files (x86)\renesas\hew\tools\renesas\nc30wa\v544r00\lib30\nc30lib.lib )
@ _f8mul ( c:\program files (x86)\renesas\hew\tools\renesas\nc30wa\v544r00\lib30\nc30lib.lib )
@ _f8sub ( c:\program files (x86)\renesas\hew\tools\renesas\nc30wa\v544r00\lib30\nc30lib.lib )
@ _f8toi4u ( c:\program files (x86)\renesas\hew\tools\renesas\nc30wa\v544r00\lib30\nc30lib.lib )
@ _ftol ( c:\program files (x86)\renesas\hew\tools\renesas\nc30wa\v544r00\lib30\nc30lib.lib )
@ _i4divu ( c:\program files (x86)\renesas\hew\tools\renesas\nc30wa\v544r00\lib30\nc30lib.lib )
@ _i4modu ( c:\program files (x86)\renesas\hew\tools\renesas\nc30wa\v544r00\lib30\nc30lib.lib )
@ _i4mulu ( c:\program files (x86)\renesas\hew\tools\renesas\nc30wa\v544r00\lib30\nc30lib.lib )
@ _i4utof8 ( c:\program files (x86)\renesas\hew\tools\renesas\nc30wa\v544r00\lib30\nc30lib.lib )
@ _ltof ( c:\program files (x86)\renesas\hew\tools\renesas\nc30wa\v544r00\lib30\nc30lib.lib )
@ mdata ( c:\program files (x86)\renesas\hew\tools\renesas\nc30wa\v544r00\lib30\nc30lib.lib )
@ _f8ltor ( c:\program files (x86)\renesas\hew\tools\renesas\nc30wa\v544r00\lib30\nc30lib.lib )
@ _f8rtol ( c:\program files (x86)\renesas\hew\tools\renesas\nc30wa\v544r00\lib30\nc30lib.lib )

##########################################
# (7) LOCAL EQU SYMBOL INFORMATION       #
##########################################
@ ncrt0 ( C:\WorkSpace\Project2a\Project2a\Debug\ncrt0.r30 )
@ adc ( C:\WorkSpace\Project2a\Project2a\Debug\adc.r30 )
@ clocks ( C:\WorkSpace\Project2a\Project2a\Debug\clocks.r30 )
@ gps ( C:\WorkSpace\Project2a\Project2a\Debug\gps.r30 )
@ helperfuncs ( C:\WorkSpace\Project2a\Project2a\Debug\helperfuncs.r30 )
@ Interrupts ( C:\WorkSpace\Project2a\Project2a\Debug\Interrupts.r30 )
@ IR ( C:\WorkSpace\Project2a\Project2a\Debug\IR.r30 )
@ IRmovement ( C:\WorkSpace\Project2a\Project2a\Debug\IRmovement.r30 )
@ LCD ( C:\WorkSpace\Project2a\Project2a\Debug\LCD.r30 )
@ led ( C:\WorkSpace\Project2a\Project2a\Debug\led.r30 )
@ main ( C:\WorkSpace\Project2a\Project2a\Debug\main.r30 )
@ menus ( C:\WorkSpace\Project2a\Project2a\Debug\menus.r30 )
@ movement ( C:\WorkSpace\Project2a\Project2a\Debug\movement.r30 )
@ movementLeftCheck ( C:\WorkSpace\Project2a\Project2a\Debug\movementLeftCheck.r30 )
@ movementRightCheck ( C:\WorkSpace\Project2a\Project2a\Debug\movementRightCheck.r30 )
@ ports ( C:\WorkSpace\Project2a\Project2a\Debug\ports.r30 )
@ serial ( C:\WorkSpace\Project2a\Project2a\Debug\serial.r30 )
@ shapes ( C:\WorkSpace\Project2a\Project2a\Debug\shapes.r30 )
@ timers ( C:\WorkSpace\Project2a\Project2a\Debug\timers.r30 )
@ _f8add ( c:\program files (x86)\renesas\hew\tools\renesas\nc30wa\v544r00\lib30\nc30lib.lib )
@ _f8ge ( c:\program files (x86)\renesas\hew\tools\renesas\nc30wa\v544r00\lib30\nc30lib.lib )
@ _f8mul ( c:\program files (x86)\renesas\hew\tools\renesas\nc30wa\v544r00\lib30\nc30lib.lib )
@ _f8sub ( c:\program files (x86)\renesas\hew\tools\renesas\nc30wa\v544r00\lib30\nc30lib.lib )
@ _f8toi4u ( c:\program files (x86)\renesas\hew\tools\renesas\nc30wa\v544r00\lib30\nc30lib.lib )
@ _ftol ( c:\program files (x86)\renesas\hew\tools\renesas\nc30wa\v544r00\lib30\nc30lib.lib )
@ _i4divu ( c:\program files (x86)\renesas\hew\tools\renesas\nc30wa\v544r00\lib30\nc30lib.lib )
@ _i4modu ( c:\program files (x86)\renesas\hew\tools\renesas\nc30wa\v544r00\lib30\nc30lib.lib )
@ _i4mulu ( c:\program files (x86)\renesas\hew\tools\renesas\nc30wa\v544r00\lib30\nc30lib.lib )
@ _i4utof8 ( c:\program files (x86)\renesas\hew\tools\renesas\nc30wa\v544r00\lib30\nc30lib.lib )
@ _ltof ( c:\program files (x86)\renesas\hew\tools\renesas\nc30wa\v544r00\lib30\nc30lib.lib )
@ mdata ( c:\program files (x86)\renesas\hew\tools\renesas\nc30wa\v544r00\lib30\nc30lib.lib )
@ _f8ltor ( c:\program files (x86)\renesas\hew\tools\renesas\nc30wa\v544r00\lib30\nc30lib.lib )
@ _f8rtol ( c:\program files (x86)\renesas\hew\tools\renesas\nc30wa\v544r00\lib30\nc30lib.lib )

##########################################
# (8) LOCAL EQU BIT-SYMBOL INFORMATION   #
##########################################
@ ncrt0 ( C:\WorkSpace\Project2a\Project2a\Debug\ncrt0.r30 )
@ adc ( C:\WorkSpace\Project2a\Project2a\Debug\adc.r30 )
@ clocks ( C:\WorkSpace\Project2a\Project2a\Debug\clocks.r30 )
@ gps ( C:\WorkSpace\Project2a\Project2a\Debug\gps.r30 )
@ helperfuncs ( C:\WorkSpace\Project2a\Project2a\Debug\helperfuncs.r30 )
@ Interrupts ( C:\WorkSpace\Project2a\Project2a\Debug\Interrupts.r30 )
@ IR ( C:\WorkSpace\Project2a\Project2a\Debug\IR.r30 )
@ IRmovement ( C:\WorkSpace\Project2a\Project2a\Debug\IRmovement.r30 )
@ LCD ( C:\WorkSpace\Project2a\Project2a\Debug\LCD.r30 )
@ led ( C:\WorkSpace\Project2a\Project2a\Debug\led.r30 )
@ main ( C:\WorkSpace\Project2a\Project2a\Debug\main.r30 )
@ menus ( C:\WorkSpace\Project2a\Project2a\Debug\menus.r30 )
@ movement ( C:\WorkSpace\Project2a\Project2a\Debug\movement.r30 )
@ movementLeftCheck ( C:\WorkSpace\Project2a\Project2a\Debug\movementLeftCheck.r30 )
@ movementRightCheck ( C:\WorkSpace\Project2a\Project2a\Debug\movementRightCheck.r30 )
@ ports ( C:\WorkSpace\Project2a\Project2a\Debug\ports.r30 )
@ serial ( C:\WorkSpace\Project2a\Project2a\Debug\serial.r30 )
@ shapes ( C:\WorkSpace\Project2a\Project2a\Debug\shapes.r30 )
@ timers ( C:\WorkSpace\Project2a\Project2a\Debug\timers.r30 )
@ _f8add ( c:\program files (x86)\renesas\hew\tools\renesas\nc30wa\v544r00\lib30\nc30lib.lib )
@ _f8ge ( c:\program files (x86)\renesas\hew\tools\renesas\nc30wa\v544r00\lib30\nc30lib.lib )
@ _f8mul ( c:\program files (x86)\renesas\hew\tools\renesas\nc30wa\v544r00\lib30\nc30lib.lib )
@ _f8sub ( c:\program files (x86)\renesas\hew\tools\renesas\nc30wa\v544r00\lib30\nc30lib.lib )
@ _f8toi4u ( c:\program files (x86)\renesas\hew\tools\renesas\nc30wa\v544r00\lib30\nc30lib.lib )
@ _ftol ( c:\program files (x86)\renesas\hew\tools\renesas\nc30wa\v544r00\lib30\nc30lib.lib )
@ _i4divu ( c:\program files (x86)\renesas\hew\tools\renesas\nc30wa\v544r00\lib30\nc30lib.lib )
@ _i4modu ( c:\program files (x86)\renesas\hew\tools\renesas\nc30wa\v544r00\lib30\nc30lib.lib )
@ _i4mulu ( c:\program files (x86)\renesas\hew\tools\renesas\nc30wa\v544r00\lib30\nc30lib.lib )
@ _i4utof8 ( c:\program files (x86)\renesas\hew\tools\renesas\nc30wa\v544r00\lib30\nc30lib.lib )
@ _ltof ( c:\program files (x86)\renesas\hew\tools\renesas\nc30wa\v544r00\lib30\nc30lib.lib )
@ mdata ( c:\program files (x86)\renesas\hew\tools\renesas\nc30wa\v544r00\lib30\nc30lib.lib )
@ _f8ltor ( c:\program files (x86)\renesas\hew\tools\renesas\nc30wa\v544r00\lib30\nc30lib.lib )
@ _f8rtol ( c:\program files (x86)\renesas\hew\tools\renesas\nc30wa\v544r00\lib30\nc30lib.lib )

*** Mapping List ***

SECTION                            START      END         SIZE   ALIGN

data_SE
                                  00000480  00000480         0   1
bss_SE
                                  00000480  00000480         0   2
data_SO
                                  00000480  00000480         0   1
bss_SO
                                  00000480  00000480         0   1
data_NE
                                  00000480  00000495        16   2
bss_NE
                                  00000496  00000507        72   2
data_NO
                                  00000508  00000509         2   1
bss_NO
                                  0000050a  00000525        1c   1
stack
                                  00000526  00000b25       600   2
heap
                                  00000b26  00000e25       300   1
rom_NE
                                  0000f000  0000f000         0   1
rom_NO
                                  0000f000  0000f000         0   1
rom_FE
                                  000f4000  000f4000         0   1
rom_FO
                                  000f4000  000f4346       347   1
data_SEI
                                  000f4348  000f4348         0   2
data_SOI
                                  000f4348  000f4348         0   1
data_NEI
                                  000f4348  000f435d        16   2
data_NOI
                                  000f435e  000f435f         2   1
program
                                  000f4360  000f766a      330b   2
interrupt
                                  000f766c  000f7712        a7   2
program_S
                                  000f7714  000f7714         0   2
vector
                                  000ffd00  000ffdff       100   1
fvector
                                  000fffdc  000fffff        24   1

*** Symbol List ***

SECTION=
FILE=                               START        END    SIZE
  SYMBOL                            ADDR        SIZE    INFO      COUNTS  OPT

SECTION=data_SE
FILE=ncrt0
                                  00000480  00000480         0
  __SB__
                                  00000480         0   none ,g         0

SECTION=data_NE
FILE=mdata
                                  00000486  00000495        10
  __memt
                                  0000048e         0   none ,g         0
  __pool
                                  00000486         0   none ,g         0

SECTION=bss_NE
FILE=C:/WorkSpace/Project2a/Project2a/IR
                                  00000496  00000497         2
  _IR_threshold
                                  00000496         2   data ,g         0

FILE=C:/WorkSpace/Project2a/Project2a/led
                                  00000498  0000049f         8
  _disp_count
                                  00000498         2   data ,g         0
  _A2DValue
                                  0000049a         2   data ,g         0
  _A2DValuePot
                                  0000049c         2   data ,g         0
  _A2DValueTherm
                                  0000049e         2   data ,g         0

FILE=C:/WorkSpace/Project2a/Project2a/ports
                                  000004a0  000004a1         2
  _buttonPressed
                                  000004a0         2   data ,g         0

FILE=C:/WorkSpace/Project2a/Project2a/serial
                                  000004a2  000004f1        50
  _u0_rd
                                  000004a2         2   data ,g         0
  _u0_wr
                                  000004a4         2   data ,g         0
  _u2_rd
                                  000004a6         2   data ,g         0
  _u2_wr
                                  000004a8         2   data ,g         0
  _u0BUFFER
                                  000004aa         8   data ,g         0
  _u2BUFFER
                                  000004b2        40   data ,g         0

FILE=C:/WorkSpace/Project2a/Project2a/timers
                                  000004f2  000004ff         e
  _r_count
                                  000004f4         2   data ,g         0
  _l_count
                                  000004f2         2   data ,g         0
  _timerA0_started
                                  000004f8         2   data ,g         0
  _timerB0_started
                                  000004fc         2   data ,g         0
  _timerA2_started
                                  000004fe         2   data ,g         0
  _timerA1_started
                                  000004fa         2   data ,g         0
  _A1_ticks
                                  000004f6         2   data ,g         0

FILE=mdata
                                  00000500  00000507         8
  __mnext
                                  00000500         0   none ,g         0
  __msize
                                  00000504         0   none ,g         0

SECTION=bss_NO
FILE=C:/WorkSpace/Project2a/Project2a/gps
                                  0000050a  00000523        1a
  _lonGet
                                  0000050a         d   data ,g         0
  _latGet
                                  00000517         d   data ,g         0

FILE=C:/WorkSpace/Project2a/Project2a/led
                                  00000524  00000524         1
  _A2DProcessed
                                  00000524         1   data ,g         0

FILE=C:/WorkSpace/Project2a/Project2a/serial
                                  00000525  00000525         1
  _u2BuffFull
                                  00000525         1   data ,g         0

SECTION=program
FILE=C:/WorkSpace/Project2a/Project2a/adc
                                  000f4360  000f438d        2e
  _ADInit
                                  000f4360        2e   func ,g         0

FILE=C:/WorkSpace/Project2a/Project2a/gps
                                  000f438e  000f4a04       677
  _gps_init
                                  000f438e        b4   func ,g         0
  _gpsProcess
                                  000f4442       294   func ,g         0
  $displayScroller
                                  000f46d6       31a   func ,g         0
  $gpsCleanUp
                                  000f49f0        15   func ,g         0

FILE=C:/WorkSpace/Project2a/Project2a/helperfuncs
                                  000f4a06  000f4a22        1d
  $strlength
                                  000f4a06        1d   func ,g         0

FILE=C:/WorkSpace/Project2a/Project2a/Interrupts
                                  000f4a24  000f4b7c       159
  _init_interrupts
                                  000f4a24         a   func ,g         0
  _enable_LeftBtn_isr
                                  000f4a2e         d   func ,g         0
  _enable_MiddleBtn_isr
                                  000f4a3c        26   func ,g         0
  _start_MiddleBtn_isr
                                  000f4a62         6   func ,g         0
  _stop_MiddleBtn_isr
                                  000f4a68         6   func ,g         0
  _enable_RightBtn_isr
                                  000f4a6e         e   func ,g         0
  _TimerA0Interrupt
                                  000f4a7c        19   func ,g         0
  _TimerA1Interrupt
                                  000f4a94        18   func ,g         0
  _TimerA2Interrupt
                                  000f4aac        1e   func ,g         0
  _TimerB0Interrupt
                                  000f4aca        18   func ,g         0
  _LeftBtnInterrupt
                                  000f4ae2         b   func ,g         0
  _MiddleBtnInterrupt
                                  000f4aee         c   func ,g         0
  _RightBtnInterrupt
                                  000f4afa         c   func ,g         0
  _UART0ReceiveInterrupt
                                  000f4b06        28   func ,g         0
  _UART2ReceiveInterrupt
                                  000f4b2e        2c   func ,g         0
  _A2DInterrupt
                                  000f4b5a         6   func ,g         0
  _KeyBoardInterrupt
                                  000f4b60         6   func ,g         0
  _RTCInterrupt
                                  000f4b66         6   func ,g         0
  _WatchDogInterrupt
                                  000f4b6c         6   func ,g         0
  _UART0TransmitInterrupt
                                  000f4b72         6   func ,g         0

FILE=C:/WorkSpace/Project2a/Project2a/IR
                                  000f4b7e  000f4c64        e7
  _IR_emitter_on
                                  000f4b7e         5   func ,g         0
  _IR_emitter_off
                                  000f4b84         6   func ,g         0
  _calibrateIR
                                  000f4b8a        cf   func ,g         0
  $setIR_threshold
                                  000f4c58         d   func ,g         0

FILE=C:/WorkSpace/Project2a/Project2a/IRmovement
                                  000f4c66  000f4d3a        d5
  _moveBackandForth
                                  000f4c66        d5   func ,g         0

FILE=C:/WorkSpace/Project2a/Project2a/LCD
                                  000f4d3c  000f559f       864
  _InitDisplay
                                  000f4d3c        bd   func ,g         0
  _BNSPrintf
                                  000f4dfa       5b0   func ,g         0
  $BNSPutch
                                  000f53aa        58   func ,g         0
  $DisplayString
                                  000f5402        5f   func ,g         0
  $LCD_write
                                  000f5460        ae   func ,g         0
  _DisplayDelay
                                  000f550e        2e   func ,g         0
  _system_clock_init
                                  000f553c        44   func ,g         0
  _clearScreen
                                  000f5580        20   func ,g         0

FILE=C:/WorkSpace/Project2a/Project2a/led
                                  000f55a0  000f55a0         1
  _LEDDisplay
                                  000f55a0         1   func ,g         0

FILE=C:/WorkSpace/Project2a/Project2a/main
                                  000f55a2  000f56ef       14e
  _main
                                  000f55a2       14e   func ,g         0

FILE=C:/WorkSpace/Project2a/Project2a/menus
                                  000f56f0  000f5e31       742
  _resistorMenu
                                  000f56f0       1dd   func ,g         0
  _shapeMenu
                                  000f58ce        d6   func ,g         0
  _fightSongMenu
                                  000f59a4        61   func ,g         0
  _cheerFightSong
                                  000f5a04       360   func ,g         0
  $menuItemVal
                                  000f5d64        ce   func ,g         0

FILE=C:/WorkSpace/Project2a/Project2a/movement
                                  000f5e32  000f5eb4        83
  _left_motor_forward
                                  000f5e32        14   func ,g         0
  _left_motor_reverse
                                  000f5e46        14   func ,g         0
  _right_motor_forward
                                  000f5e5a        14   func ,g         0
  _right_motor_reverse
                                  000f5e6e        14   func ,g         0
  _motors_off
                                  000f5e82         7   func ,g         0
  _right_motor_off
                                  000f5e8a         e   func ,g         0
  _left_motor_off
                                  000f5e98         e   func ,g         0
  _move_forward
                                  000f5ea6         8   func ,g         0

FILE=C:/WorkSpace/Project2a/Project2a/movementLeftCheck
                                  000f5eb6  000f5ee7        32
  _is_left_forward_on
                                  000f5eb6         9   func ,g         0
  _is_left_reverse_on
                                  000f5ec0         a   func ,g         0

FILE=C:/WorkSpace/Project2a/Project2a/movementRightCheck
                                  000f5ee8  000f5f19        32
  _is_right_forward_on
                                  000f5ee8         9   func ,g         0
  _is_right_reverse_on
                                  000f5ef2         a   func ,g         0

FILE=C:/WorkSpace/Project2a/Project2a/ports
                                  000f5f1a  000f6143       22a
  _init_ports
                                  000f5f1a        19   func ,g         0
  _init_port0
                                  000f5f34        26   func ,g         0
  _init_port1
                                  000f5f5a        26   func ,g         0
  _init_port2
                                  000f5f80        26   func ,g         0
  _init_port3
                                  000f5fa6        26   func ,g         0
  _init_port4
                                  000f5fcc        26   func ,g         0
  _init_port5
                                  000f5ff2        26   func ,g         0
  _init_port6
                                  000f6018        42   func ,g         0
  _init_port7
                                  000f605a        42   func ,g         0
  _init_port8
                                  000f609c        42   func ,g         0
  _init_port9
                                  000f60de        42   func ,g         0

FILE=C:/WorkSpace/Project2a/Project2a/serial
                                  000f6144  000f630a       1c7
  _InitUART
                                  000f6144        c4   func ,g         0
  $transmitUART2
                                  000f6208        86   func ,g         0
  _displayUART2Stream
                                  000f628e        7d   func ,g         0

FILE=C:/WorkSpace/Project2a/Project2a/shapes
                                  000f630c  000f6510       205
  $rightCircle
                                  000f630c        57   func ,g         0
  $leftCircle
                                  000f6364        52   func ,g         0
  $triangle
                                  000f63b6       12e   func ,g         0

FILE=C:/WorkSpace/Project2a/Project2a/timers
                                  000f6512  000f663c       12b
  _TimerInit
                                  000f6512         d   func ,g         0
  _TimerA0_Init
                                  000f6520        2c   func ,g         0
  _start_leftWheel
                                  000f654c         a   func ,g         0
  _stop_timerA0
                                  000f6556         a   func ,g         0
  _TimerA1_Init
                                  000f6560        24   func ,g         0
  $timerDelay
                                  000f6584        16   func ,g         0
  _TimerA2_Init
                                  000f659a        24   func ,g         0
  _start_timerA2
                                  000f65be         a   func ,g         0
  _stop_timerA2
                                  000f65c8         a   func ,g         0
  _TimerB0_Init
                                  000f65d2        2c   func ,g         0
  _start_rightWheel
                                  000f65fe         a   func ,g         0
  _stop_timerB0
                                  000f6608         a   func ,g         0
  _start_wheelTimers
                                  000f6612         8   func ,g         0
  _stop_wheelTimers
                                  000f661a         8   func ,g         0
  $set_rWheelCount
                                  000f6622         e   func ,g         0

FILE=_f8add
                                  000f663e  000f6f58       91b
  __f8add
                                  000f663e       6dd   func ,g         0

FILE=_f8ge
                                  000f6f5a  000f7000        a7
  __f8ge
                                  000f6f5a        a7   func ,g         0

FILE=_f8mul
                                  000f7002  000f72c8       2c7
  __f8mul
                                  000f7002       2c7   func ,g         0

FILE=_f8sub
                                  000f72ca  000f72f1        28
  __f8sub
                                  000f72ca        28   func ,g         0

FILE=_f8toi4u
                                  000f72f2  000f7316        25
  __f8toi4U
                                  000f72f2        25   func ,g         0

FILE=_ftol
                                  000f7318  000f7428       111
  $_ftol
                                  000f7318       111   func ,g         0

FILE=_i4divu
                                  000f742a  000f7476        4d
  __i4divU
                                  000f742a        4d   func ,g         0

FILE=_i4modu
                                  000f7478  000f74c2        4b
  __i4modU
                                  000f7478        4b   func ,g         0

FILE=_i4mulu
                                  000f74c4  000f74df        1c
  __i4mulU
                                  000f74c4        1c   func ,g         0

FILE=_i4utof8
                                  000f74e0  000f7501        22
  __i4Utof8
                                  000f74e0        22   func ,g         0

FILE=_ltof
                                  000f7502  000f75d5        d4
  $_ltof
                                  000f7502        d4   func ,g         0

FILE=_f8ltor
                                  000f75d6  000f7629        54
  $_f8ltor
                                  000f75d6        54   func ,g         0

FILE=_f8rtol
                                  000f762a  000f766a        41
  $_f8rtol
                                  000f762a        41   func ,g         0

SECTION=interrupt
FILE=ncrt0
                                  000f766c  000f7712        a7
  $exit
                                  000f7710         0   none ,g         0
  _exit
                                  000f7710         0   none ,g         0
  dummy_int
                                  000f7712         0   none ,g         0

